// Vitest Snapshot v1, https://vitest.dev/guide/snapshot.html

exports[`AndroidSensorsForm.svelt > lte switch 1`] = `"<label class="switch icon"><input type="checkbox" name="android.lte" aria-label="lte chart switch"> <span><i>signal_cellular_alt</i></span> <div class="tooltip">LTE chart</div></label>"`;

exports[`AndroidSensorsForm.svelt > map switch 1`] = `"<label class="switch icon"><input type="checkbox" name="android.map" aria-label="map pane switch"> <span><i>map</i></span> <div class="tooltip">map pane</div></label>"`;

exports[`AndroidSensorsForm.svelt > publisher 1`] = `"<div class="field label svelte-1g2cqmv"><input type="text" name="android.publisher" id="publisher"> <label for="publisher" class="svelte-1g2cqmv">publisher</label> <span class="error"></span></div>"`;
