// Vitest Snapshot v1, https://vitest.dev/guide/snapshot.html

exports[`PerftoolForm.svelt > name 1`] = `"<div class="field label svelte-1p4xbes"><input type="text" name="perftool.name" id="perftool-name"> <label for="perftool-name" class="svelte-1p4xbes">perftool name</label> <span class="error"></span></div>"`;

exports[`PerftoolForm.svelt > switch 1`] = `"<label class="switch icon"><input type="checkbox" name="perftool.visible" aria-label="perftool chart switch"> <span><i>show_chart</i></span> <div class="tooltip">perftool chart</div></label>"`;
