// Vitest Snapshot v1, https://vitest.dev/guide/snapshot.html

exports[`PicameraForm.svelt > name 1`] = `"<div class="field label svelte-1p4xbes"><input type="text" name="image.topic" id="image-topic"> <label for="image-topic" class="svelte-1p4xbes">image topic name</label> <span class="error"></span></div>"`;

exports[`PicameraForm.svelt > switch 1`] = `"<label class="switch icon"><input type="checkbox" name="image.visible" aria-label="image pane switch"> <span><i>image</i></span> <div class="tooltip">image pane</div></label>"`;

exports[`PicameraForm.svelt > update method 1`] = `"<label class="radio"><input type="radio" name="image.update" value="push" aria-label="radio push"> <span>push</span></label>"`;

exports[`PicameraForm.svelt > update method 2`] = `"<label class="radio"><input type="radio" name="image.update" value="polling" aria-label="radio polling"> <span>polling</span></label>"`;
