// Vitest Snapshot v1, https://vitest.dev/guide/snapshot.html

exports[`DownloadSettingForm.svelt > apply > chart select 1`] = `""`;

exports[`DownloadSettingForm.svelt > apply > chart select 2`] = `""`;

exports[`DownloadSettingForm.svelt > apply > chart select 3`] = `""`;

exports[`DownloadSettingForm.svelt > apply > default select 1`] = `""`;

exports[`DownloadSettingForm.svelt > apply > default select 2`] = `""`;

exports[`DownloadSettingForm.svelt > apply > default select 3`] = `""`;

exports[`DownloadSettingForm.svelt > apply > layout select 1`] = `""`;

exports[`DownloadSettingForm.svelt > apply > layout select 2`] = `""`;

exports[`DownloadSettingForm.svelt > apply > layout select 3`] = `""`;

exports[`DownloadSettingForm.svelt > apply > playback select 1`] = `""`;

exports[`DownloadSettingForm.svelt > apply > playback select 2`] = `""`;

exports[`DownloadSettingForm.svelt > apply > playback select 3`] = `""`;

exports[`DownloadSettingForm.svelt > mount 1`] = `""`;

exports[`DownloadSettingForm.svelt > network error 1`] = `""`;

exports[`DownloadSettingForm.svelt > network error 2`] = `""`;

exports[`DownloadSettingForm.svelt > select setting > setting-1 1`] = `""`;

exports[`DownloadSettingForm.svelt > select setting > setting-1 2`] = `""`;

exports[`DownloadSettingForm.svelt > select setting > setting-1 3`] = `""`;

exports[`DownloadSettingForm.svelt > select setting > setting-2 1`] = `""`;

exports[`DownloadSettingForm.svelt > select setting > setting-2 2`] = `""`;

exports[`DownloadSettingForm.svelt > select setting > setting-2 3`] = `""`;

exports[`DownloadSettingForm.svelt > select setting > setting-2 4`] = `""`;
