// Vitest Snapshot v1, https://vitest.dev/guide/snapshot.html

exports[`MutationSetting.svelt > error > update error 1`] = `
"<div class="overlay active"></div> <dialog open=""><h6>Warning</h6> <div><i>warning</i> <span>サーバに登録されている設定を上書き更新しようとしています。
        よろしいですか？</span></div> <nav class="right-align"><button class="border">Cancel</button> <button>OK</button></nav></dialog>"
`;

exports[`MutationSetting.svelt > error > update error 2`] = `""`;

exports[`MutationSetting.svelt > mutation > cancel update 1`] = `
"<div class="overlay active"></div> <dialog open=""><h6>Warning</h6> <div><i>warning</i> <span>サーバに登録されている設定を上書き更新しようとしています。
        よろしいですか？</span></div> <nav class="right-align"><button class="border">Cancel</button> <button>OK</button></nav></dialog>"
`;

exports[`MutationSetting.svelt > mutation > cancel update 2`] = `""`;

exports[`MutationSetting.svelt > mutation > insert 1`] = `""`;

exports[`MutationSetting.svelt > mutation > update 1`] = `
"<div class="overlay active"></div> <dialog open=""><h6>Warning</h6> <div><i>warning</i> <span>サーバに登録されている設定を上書き更新しようとしています。
        よろしいですか？</span></div> <nav class="right-align"><button class="border">Cancel</button> <button>OK</button></nav></dialog>"
`;

exports[`MutationSetting.svelt > mutation > update 2`] = `""`;
