// Vitest Snapshot v1, https://vitest.dev/guide/snapshot.html

exports[`SubItemLabel.svelt > check 1`] = `"<div><div class="row"><div></div> <div><i>check_circle</i></div> <div>default slot</div></div></div>"`;

exports[`SubItemLabel.svelt > slot 1`] = `"<div><div class="row"><div></div> <div><i>check_circle</i></div> <div>child value</div></div></div>"`;

exports[`SubItemLabel.svelt > uncheck 1`] = `"<div><div class="row"><div></div> <div><i>unpublished</i></div> <div>default slot</div></div></div>"`;

exports[`SubItemLabel.svelt > value 1`] = `"<div><div class="row"><div></div> <div><i>check_circle</i></div> <div>default slot: "child value"</div></div></div>"`;
