// Vitest Snapshot v1, https://vitest.dev/guide/snapshot.html

exports[`UploadSettingForm.svelt > mount 1`] = `""`;

exports[`UploadSettingForm.svelt > network error > query error 1`] = `""`;

exports[`UploadSettingForm.svelt > upload > update 1`] = `""`;

exports[`UploadSettingForm.svelt > upload > update 2`] = `""`;

exports[`UploadSettingForm.svelt > upload > update 3`] = `""`;
